<html>
<body>
<pre>
<h1>µVision Build Log</h1>
<h2>Tool Versions:</h2>
IDE-Version: µVision V5.17.0.0
Copyright (C) 2015 ARM Ltd and ARM Germany GmbH. All rights reserved.
License Information: dung dung, dung, LIC=R4HVE-5AM8X-BXYUY-IFT8M-MB3KG-GYE7T
 
Tool Versions:
Toolchain:       MDK-ARM Professional  Version: 5.17
Toolchain Path:  C:\Keil_v5\ARM\ARMCC\Bin
C Compiler:      Armcc.exe V5.06 update 1 (build 61)
Assembler:       Armasm.exe V5.06 update 1 (build 61)
Linker/Locator:  ArmLink.exe V5.06 update 1 (build 61)
Library Manager: ArmAr.exe V5.06 update 1 (build 61)
Hex Converter:   FromElf.exe V5.06 update 1 (build 61)
CPU DLL:         SARMCM3.DLL V5.17
Dialog DLL:      DCM.DLL V1.13.4.0
Target DLL:      STLink\ST-LINKIII-KEIL_SWO.dll V2.0.18.0
Dialog DLL:      TCM.DLL V1.14.6.0
 
<h2>Project:</h2>
C:\Users\thinkking\Desktop\doan ver 2\MDK-ARM\doan ver 2.uvprojx
Project File Date:  05/26/2019

<h2>Output:</h2>
*** Using Compiler 'V5.06 update 1 (build 61)', folder: 'C:\Keil_v5\ARM\ARMCC\Bin'
Rebuild target 'doan ver 2'
assembling startup_stm32f405xx.s...
compiling lcd_txt.c...
compiling stm32f4xx_it.c...
compiling stm32f4xx_hal_msp.c...
compiling main.c...
../Src/main.c(31): warning:  #1295-D: Deprecated declaration hien_thi - give arg types
  void hien_thi();
../Src/main.c(36): warning:  #1295-D: Deprecated declaration tien - give arg types
  void tien();
../Src/main.c(37): warning:  #1295-D: Deprecated declaration lui - give arg types
  void lui();
../Src/main.c(38): warning:  #1295-D: Deprecated declaration q_trai - give arg types
  void q_trai();
../Src/main.c(39): warning:  #1295-D: Deprecated declaration q_phai - give arg types
  void q_phai();
../Src/main.c(40): warning:  #1295-D: Deprecated declaration stop - give arg types
  void stop();
../Src/main.c(43): warning:  #1295-D: Deprecated declaration theo_y - give arg types
  void theo_y();
../Src/main.c(44): warning:  #1295-D: Deprecated declaration control - give arg types
  void control();
../Src/main.c(162): warning:  #188-D: enumerated type mixed with another type
  	HAL_GPIO_WritePin(
PIOE,
PIO_PIN_8,
PIO_PIN_RESET);
../Src/main.c(163): warning:  #188-D: enumerated type mixed with another type
  	HAL_GPIO_WritePin(
PIOE,
PIO_PIN_10,
PIO_PIN_SET);
../Src/main.c(164): warning:  #188-D: enumerated type mixed with another type
  	HAL_GPIO_WritePin(
PIOE,
PIO_PIN_12,
PIO_PIN_RESET);
../Src/main.c(165): warning:  #188-D: enumerated type mixed with another type
  	HAL_GPIO_WritePin(
PIOE,
PIO_PIN_15,
PIO_PIN_SET);
../Src/main.c(173): warning:  #188-D: enumerated type mixed with another type
  	HAL_GPIO_WritePin(
PIOE,
PIO_PIN_8,
PIO_PIN_SET);
../Src/main.c(174): warning:  #188-D: enumerated type mixed with another type
  	HAL_GPIO_WritePin(
PIOE,
PIO_PIN_10,
PIO_PIN_RESET);
../Src/main.c(175): warning:  #188-D: enumerated type mixed with another type
  	HAL_GPIO_WritePin(
PIOE,
PIO_PIN_12,
PIO_PIN_SET);
../Src/main.c(176): warning:  #188-D: enumerated type mixed with another type
  	HAL_GPIO_WritePin(
PIOE,
PIO_PIN_15,
PIO_PIN_RESET);
../Src/main.c(184): warning:  #188-D: enumerated type mixed with another type
  	HAL_GPIO_WritePin(
PIOE,
PIO_PIN_8,
PIO_PIN_SET);
../Src/main.c(185): warning:  #188-D: enumerated type mixed with another type
  	HAL_GPIO_WritePin(
PIOE,
PIO_PIN_10,
PIO_PIN_RESET);
../Src/main.c(186): warning:  #188-D: enumerated type mixed with another type
  	HAL_GPIO_WritePin(
PIOE,
PIO_PIN_12,
PIO_PIN_RESET);
../Src/main.c(187): warning:  #188-D: enumerated type mixed with another type
  	HAL_GPIO_WritePin(
PIOE,
PIO_PIN_15,
PIO_PIN_SET);
../Src/main.c(195): warning:  #188-D: enumerated type mixed with another type
  	HAL_GPIO_WritePin(
PIOE,
PIO_PIN_8,
PIO_PIN_RESET);
../Src/main.c(196): warning:  #188-D: enumerated type mixed with another type
  	HAL_GPIO_WritePin(
PIOE,
PIO_PIN_10,
PIO_PIN_SET);
../Src/main.c(197): warning:  #188-D: enumerated type mixed with another type
  	HAL_GPIO_WritePin(
PIOE,
PIO_PIN_12,
PIO_PIN_SET);
../Src/main.c(198): warning:  #188-D: enumerated type mixed with another type
  	HAL_GPIO_WritePin(
PIOE,
PIO_PIN_15,
PIO_PIN_RESET);
../Src/main.c(617): warning:  #188-D: enumerated type mixed with another type
    HAL_GPIO_WritePin(
PIOE, 
PIO_PIN_8|
PIO_PIN_10|
PIO_PIN_12|
PIO_PIN_14, 
PIO_PIN_RESET);
../Src/main.c(620): warning:  #188-D: enumerated type mixed with another type
    HAL_GPIO_WritePin(
PIOD, 
PIO_PIN_3|
PIO_PIN_5|
PIO_PIN_6|
PIO_PIN_7, 
PIO_PIN_RESET);
../Src/main.c(623): warning:  #188-D: enumerated type mixed with another type
    HAL_GPIO_WritePin(
PIOB, 
PIO_PIN_3|
PIO_PIN_4, 
PIO_PIN_RESET);
../Src/main.c: 27 warnings, 0 errors
compiling stm32f4xx_hal_tim_ex.c...
compiling stm32f4xx_hal_uart.c...
compiling stm32f4xx_hal_rcc_ex.c...
compiling stm32f4xx_hal_flash.c...
compiling stm32f4xx_hal_rcc.c...
compiling stm32f4xx_hal_flash_ramfunc.c...
compiling stm32f4xx_hal_tim.c...
compiling stm32f4xx_hal_flash_ex.c...
compiling stm32f4xx_hal_gpio.c...
compiling stm32f4xx_hal_pwr.c...
compiling stm32f4xx_hal_dma.c...
compiling stm32f4xx_hal_pwr_ex.c...
compiling stm32f4xx_hal_dma_ex.c...
compiling stm32f4xx_hal.c...
compiling stm32f4xx_hal_cortex.c...
compiling stm32f4xx_hal_exti.c...
compiling system_stm32f4xx.c...
linking...
Program Size: Code=10336 RO-data=448 RW-data=128 ZI-data=1464  
FromELF: creating hex file...
".\doan ver 2.axf" - 0 Error(s), 27 Warning(s).

<h2>Software Packages used:</h2>

Package Vendor: ARM
                http://www.keil.com/pack/ARM.CMSIS.4.5.0.pack
                ARM::CMSIS:CORE:4.3.0
                CMSIS (Cortex Microcontroller Software Interface Standard)
   * Component: CORE Version: 4.3.0

<h2>Collection of Component include folders:</h2>
  C:\Users\thinkking\Desktop\doan ver 2\MDK-ARM\RTE
  C:\Keil_v5\ARM\PACK\ARM\CMSIS\4.5.0\CMSIS\Include
  C:\Keil_v5\ARM\PACK\Keil\STM32F4xx_DFP\2.13.0\Drivers\CMSIS\Device\ST\STM32F4xx\Include

<h2>Collection of Component Files used:</h2>

   * Component: ARM::CMSIS:CORE:4.3.0
Build Time Elapsed:  00:00:06
</pre>
</body>
</html>
